
R version 3.6.2 (2019-12-12) -- "Dark and Stormy Night"
Copyright (C) 2019 The R Foundation for Statistical Computing
Platform: x86_64-w64-mingw32/x64 (64-bit)

R is free software and comes with ABSOLUTELY NO WARRANTY.
You are welcome to redistribute it under certain conditions.
Type 'license()' or 'licence()' for distribution details.

R is a collaborative project with many contributors.
Type 'contributors()' for more information and
'citation()' on how to cite R or R packages in publications.

Type 'demo()' for some demos, 'help()' for on-line help, or
'help.start()' for an HTML browser interface to help.
Type 'q()' to quit R.

> library(testthat)
Warning message:
package 'testthat' was built under R version 3.6.3 
> library(ceramic)
> 
> ##   https://account.mapbox.com/access-tokens/
> ceramic_key <- "pk.eyJ1IjoibWRzdW1uZXIiLCJhIjoiY2p0bDI1aGY1MTRiNDQ0bWR2djh4dzgxOSJ9.zPM71aZwRWHc9U5kvDQDIA"
> if (identical(Sys.getenv("APPVEYOR"), "True")) {
+   Sys.setenv(MAPBOX_API_KEY=ceramic_key)
+ }
> if (identical(Sys.getenv("TRAVIS"), "true")) {
+   Sys.setenv(MAPBOX_API_KEY=ceramic_key)
+ }
> 
> test_check("ceramic")
== testthat results  ===========================================================
[ OK: 0 | SKIPPED: 10 | WARNINGS: 0 | FAILED: 0 ]
> 
> 
> proc.time()
   user  system elapsed 
   5.14    0.39    5.56 
